============================= test session starts =============================
platform win32 -- Python 3.13.5, pytest-8.4.1, pluggy-1.6.0 -- C:\Software\python\python.exe
cachedir: .pytest_cache
rootdir: C:\Users\steve\Development\media-symlinker
collecting ... collected 9 items

tests/test_database.py::test_initialize_database_creates_table_and_columns PASSED [ 11%]
tests/test_duplicate_finder.py::test_identify_and_link_duplicates PASSED [ 22%]
tests/test_file_scanner.py::test_scan_directory_populates_db_from_scratch PASSED [ 33%]
tests/test_file_scanner.py::test_scan_directory_resets_status_on_rescan PASSED [ 44%]
tests/test_hashing.py::test_hash_file_worker_correctly_hashes FAILED     [ 55%]
tests/test_hashing.py::test_process_drive_list PASSED                    [ 66%]
tests/test_hashing.py::test_main_hashing_orchestrator PASSED             [ 77%]
tests/test_logger.py::test_setup_logging_creates_handlers PASSED         [ 88%]
tests/test_qbittorrent_api.py::test_update_db_with_torrent_info PASSED   [100%]

================================== FAILURES ===================================
___________________ test_hash_file_worker_correctly_hashes ____________________

    def test_hash_file_worker_correctly_hashes():
        """Tests that the _hash_file_worker correctly hashes content."""
        mock_content = b'this is the test content'
        # This is the known, correct hash for the string above.
        expected_hash = 'a6d36de5a4658142a7863343651163e2'
    
        # Create a temporary file to be hashed
        temp_file_path = "temp_test_file.tmp"
        try:
            with open(temp_file_path, "wb") as f:
                f.write(mock_content)
    
            # The worker takes a tuple: (id, path, size)
            result = _hash_file_worker((1, temp_file_path, len(mock_content)))
    
            assert result is not None, "Worker should return a result"
            assert result['id'] == 1
>           assert result['hash'] == expected_hash, "The generated hash is incorrect"
E           AssertionError: The generated hash is incorrect
E           assert 'a9743c380ea0f5ad410955782a16010e' == 'a6d36de5a4658142a7863343651163e2'
E             
E             - a6d36de5a4658142a7863343651163e2
E             + a9743c380ea0f5ad410955782a16010e

tests\test_hashing.py:33: AssertionError
=========================== short test summary info ===========================
FAILED tests/test_hashing.py::test_hash_file_worker_correctly_hashes - AssertionError: The generated hash is incorrect
assert 'a9743c380ea0f5ad410955782a16010e' == 'a6d36de5a4658142a7863343651163e2'
  
  - a6d36de5a4658142a7863343651163e2
  + a9743c380ea0f5ad410955782a16010e
========================= 1 failed, 8 passed in 1.13s =========================
